C51 COMPILER V9.54   UART2                                                                 11/22/2015 07:44:37 PAGE 1   


C51 COMPILER V9.54, COMPILATION OF MODULE UART2
OBJECT MODULE PLACED IN .\Objects\uart2.obj
COMPILER INVOKED BY: C:\Keil_v5\C51\BIN\C51.exe uart2.c OPTIMIZE(8,SPEED) BROWSE DEBUG OBJECTEXTEND PRINT(.\Listings\uar
                    -t2.lst) TABS(2) OBJECT(.\Objects\uart2.obj)

line level    source

   1          #include <STC12C2052AD.H>
   2          void UART_init (void){                                                                                    
             -                                      
   3   1          TMOD = 0x20;
   4   1          SCON = 0x50;
   5   1          TH1 = 0xF3;
   6   1          TL1 = 0xF3;
   7   1          PCON = 0x80;
   8   1          TR1 = 1;
   9   1      }
  10          
  11          void main (void){
  12   1          unsigned char UART_data;
  13   1          UART_init();
  14   1          while(1){
  15   2              if (RI == 1){
  16   3                  UART_data = SBUF;
  17   3                  RI = 0;
  18   3      
  19   3                  SBUF = UART_data;
  20   3                  while(TI == 0);
  21   3                  TI = 0;
  22   3              }
  23   2          }
  24   1      }


MODULE INFORMATION:   STATIC OVERLAYABLE
   CODE SIZE        =     37    ----
   CONSTANT SIZE    =   ----    ----
   XDATA SIZE       =   ----    ----
   PDATA SIZE       =   ----    ----
   DATA SIZE        =   ----    ----
   IDATA SIZE       =   ----    ----
   BIT SIZE         =   ----    ----
END OF MODULE INFORMATION.


C51 COMPILATION COMPLETE.  0 WARNING(S),  0 ERROR(S)
